// Jest Snapshot v1, https://goo.gl/fbAQLP

exports[`<SettingsPanel /> snapshot 1`] = `
<DocumentFragment>
  <div
    class="flex flex-col items-start drop-shadow-lg bg-white rounded-3xl p-8 flex-shrink-0 w-full xl:w-[470px]"
  >
    <div
      class="flex flex-row items-center gap-10"
    >
      <button
        class="bg-pink-500 hover:bg-pink-600 rounded-full w-24 h-24 flex items-center justify-center"
      >
        <svg
          class="text-neutral-50 w-8 h-8"
          fill="currentColor"
          height="1em"
          stroke="currentColor"
          stroke-width="0"
          viewBox="0 0 448 512"
          width="1em"
          xmlns="http://www.w3.org/2000/svg"
        >
          <path
            d="M144 479H48c-26.5 0-48-21.5-48-48V79c0-26.5 21.5-48 48-48h96c26.5 0 48 21.5 48 48v352c0 26.5-21.5 48-48 48zm304-48V79c0-26.5-21.5-48-48-48h-96c-26.5 0-48 21.5-48 48v352c0 26.5 21.5 48 48 48h96c26.5 0 48-21.5 48-48z"
          />
        </svg>
      </button>
      <button
        class="bg-neutral-200 hover:bg-neutral-300 rounded-full w-16 h-16 flex items-center justify-center"
      >
        <svg
          class="text-neutral-900 w-6 h-6"
          fill="currentColor"
          height="1em"
          stroke="currentColor"
          stroke-width="0"
          viewBox="0 0 512 512"
          width="1em"
          xmlns="http://www.w3.org/2000/svg"
        >
          <path
            d="M256.455 8c66.269.119 126.437 26.233 170.859 68.685l35.715-35.715C478.149 25.851 504 36.559 504 57.941V192c0 13.255-10.745 24-24 24H345.941c-21.382 0-32.09-25.851-16.971-40.971l41.75-41.75c-30.864-28.899-70.801-44.907-113.23-45.273-92.398-.798-170.283 73.977-169.484 169.442C88.764 348.009 162.184 424 256 424c41.127 0 79.997-14.678 110.629-41.556 4.743-4.161 11.906-3.908 16.368.553l39.662 39.662c4.872 4.872 4.631 12.815-.482 17.433C378.202 479.813 319.926 504 256 504 119.034 504 8.001 392.967 8 256.002 7.999 119.193 119.646 7.755 256.455 8z"
          />
        </svg>
      </button>
    </div>
    <h3
      class="font-medium text-neutral-900 mb-2.5 mt-6"
    >
      Update Function
    </h3>
    <div
      class="mb-6"
      id="headlessui-radiogroup-7"
      role="radiogroup"
    >
      <div
        aria-checked="false"
        aria-labelledby="headlessui-label-1"
        class="flex flex-row items-center gap-1.5 cursor-pointer"
        id="headlessui-radiogroup-option-2"
        role="radio"
        tabindex="-1"
      >
        <div
          class="bg-neutral-300 rounded-full w-4 h-4 flex items-center justify-center"
        />
        <label
          class="font-medium"
          id="headlessui-label-1"
        >
          Stepping Stone
        </label>
      </div>
      <div
        aria-checked="true"
        aria-labelledby="headlessui-label-3"
        class="flex flex-row items-center gap-1.5 cursor-pointer"
        id="headlessui-radiogroup-option-4"
        role="radio"
        tabindex="0"
      >
        <div
          class="bg-neutral-300 rounded-full w-4 h-4 flex items-center justify-center"
        >
          <div
            class="w-2.5 h-2.5 bg-pink-500 rounded-full shadow-[0_0_4px_#ec4899]"
          />
        </div>
        <label
          class="font-medium"
          id="headlessui-label-3"
        >
          Cyclic
        </label>
      </div>
      <div
        aria-checked="false"
        aria-labelledby="headlessui-label-5"
        class="flex flex-row items-center gap-1.5 cursor-pointer"
        id="headlessui-radiogroup-option-6"
        role="radio"
        tabindex="-1"
      >
        <div
          class="bg-neutral-300 rounded-full w-4 h-4 flex items-center justify-center"
        />
        <label
          class="font-medium"
          id="headlessui-label-5"
        >
          Game of Life
        </label>
      </div>
    </div>
    <button
      class="flex items-center justify-center mt-auto font-medium bg-pink-500 hover:bg-pink-600 rounded-lg text-neutral-50 py-2 px-3"
    >
      Download Image
    </button>
  </div>
</DocumentFragment>
`;
