// Jest Snapshot v1, https://goo.gl/fbAQLP

exports[`<Hero /> snapshot 1`] = `
<DocumentFragment>
  <section
    class="home__hero-container"
    id="home"
  >
    <div
      class="container text-center"
    >
      <h1
        class="font-semibold text-5xl md:text-7xl xl:text-8xl mt-16 mb-12 home__hero-text"
      >
        Jun's Sandbox
      </h1>
      <p
        class="mb-8 w-text mx-auto"
      >
        This year I challenged myself to program an interesting visualisation of a math concept or algorithm each month. I have a wide interest in math and computer science so you will find demos from many areas including cellular automata, path finding algorithms, fractals, ray tracing, and more...
      </p>
      <p
        class="w-text mx-auto"
      >
        I hope you have fun tinkering with each of the demos as much as I had fun making them! To see more of my work, take a look at my 
        <a
          class="home__link animate-underline"
          href="https://junnys6018.github.io/"
          rel="noopener noreferrer"
          target="_blank"
        >
          portfolio.
        </a>
      </p>
    </div>
  </section>
</DocumentFragment>
`;
